LvVI {vCtrls = [], vIndics = [], vNodes = [("outer 3",LvConstant (LvI32 3)),("outer for",LvStructure LvFor (LvVI {vCtrls = [("i",LvAutoControl),("N",LvTunControl)], vIndics = [("out",LvTunIndicator LvAutoIndexing)], vNodes = [("inner 3",LvConstant (LvI32 3)),("inner for",LvStructure LvFor (LvVI {vCtrls = [("i",LvAutoControl),("N",LvTunControl)], vIndics = [("out",LvTunIndicator LvAutoIndexing)], vNodes = [], vWires = []}))], vWires = [LvWire {wSrc = {LvN 0, 0}, wDst = {LvN 1, 1}}]}))], vWires = [LvWire {wSrc = {LvN 0, 0}, wDst = {LvN 1, 1}}]}
LvState {sTs = 1, sPrng = 0, sSched = [{LvN 0}], sNStates = fromList [LvNodeState {nsInputs = fromList [], nsCont = Nothing},LvNodeState {nsInputs = fromList [Nothing,Nothing], nsCont = Nothing}], sCtrlVals = fromList [], sIndicVals = fromList []}
LvState {sTs = 4, sPrng = 0, sSched = [{LvN 1}], sNStates = fromList [LvNodeState {nsInputs = fromList [], nsCont = Nothing},LvNodeState {nsInputs = fromList [Nothing,Just (LvI32 3)], nsCont = Nothing}], sCtrlVals = fromList [], sIndicVals = fromList []}
LvState {sTs = 11, sPrng = 0, sSched = [{LvN 1}], sNStates = fromList [LvNodeState {nsInputs = fromList [], nsCont = Nothing},LvNodeState {nsInputs = fromList [Nothing,Nothing], nsCont = Just KState[LvState {sTs = 10, sPrng = 0, sSched = [{LvC 1},{LvN 0}], sNStates = fromList [LvNodeState {nsInputs = fromList [], nsCont = Nothing},LvNodeState {nsInputs = fromList [Nothing,Nothing], nsCont = Nothing}], sCtrlVals = fromList [LvI32 0,LvI32 3], sIndicVals = fromList [LvArr []]}]}], sCtrlVals = fromList [], sIndicVals = fromList []}
LvState {sTs = 15, sPrng = 0, sSched = [{LvN 1}], sNStates = fromList [LvNodeState {nsInputs = fromList [], nsCont = Nothing},LvNodeState {nsInputs = fromList [Nothing,Nothing], nsCont = Just KState[LvState {sTs = 14, sPrng = 0, sSched = [{LvN 0}], sNStates = fromList [LvNodeState {nsInputs = fromList [], nsCont = Nothing},LvNodeState {nsInputs = fromList [Nothing,Nothing], nsCont = Nothing}], sCtrlVals = fromList [LvI32 0,LvI32 3], sIndicVals = fromList [LvArr []]}]}], sCtrlVals = fromList [], sIndicVals = fromList []}
LvState {sTs = 21, sPrng = 0, sSched = [{LvN 1}], sNStates = fromList [LvNodeState {nsInputs = fromList [], nsCont = Nothing},LvNodeState {nsInputs = fromList [Nothing,Nothing], nsCont = Just KState[LvState {sTs = 20, sPrng = 0, sSched = [{LvN 1}], sNStates = fromList [LvNodeState {nsInputs = fromList [], nsCont = Nothing},LvNodeState {nsInputs = fromList [Nothing,Just (LvI32 3)], nsCont = Nothing}], sCtrlVals = fromList [LvI32 0,LvI32 3], sIndicVals = fromList [LvArr []]}]}], sCtrlVals = fromList [], sIndicVals = fromList []}
LvState {sTs = 31, sPrng = 0, sSched = [{LvN 1}], sNStates = fromList [LvNodeState {nsInputs = fromList [], nsCont = Nothing},LvNodeState {nsInputs = fromList [Nothing,Nothing], nsCont = Just KState[LvState {sTs = 30, sPrng = 0, sSched = [{LvN 1}], sNStates = fromList [LvNodeState {nsInputs = fromList [], nsCont = Nothing},LvNodeState {nsInputs = fromList [Nothing,Nothing], nsCont = Just KState[LvState {sTs = 29, sPrng = 0, sSched = [{LvC 1}], sNStates = fromList [], sCtrlVals = fromList [LvI32 0,LvI32 3], sIndicVals = fromList [LvArr []]}]}], sCtrlVals = fromList [LvI32 0,LvI32 3], sIndicVals = fromList [LvArr []]}]}], sCtrlVals = fromList [], sIndicVals = fromList []}
LvState {sTs = 38, sPrng = 0, sSched = [{LvN 1}], sNStates = fromList [LvNodeState {nsInputs = fromList [], nsCont = Nothing},LvNodeState {nsInputs = fromList [Nothing,Nothing], nsCont = Just KState[LvState {sTs = 37, sPrng = 0, sSched = [{LvN 1}], sNStates = fromList [LvNodeState {nsInputs = fromList [], nsCont = Nothing},LvNodeState {nsInputs = fromList [Nothing,Nothing], nsCont = Just KState[LvState {sTs = 37, sPrng = 0, sSched = [{LvC 0},{LvC 1}], sNStates = fromList [], sCtrlVals = fromList [LvI32 1,LvI32 3], sIndicVals = fromList [LvArr []]}]}], sCtrlVals = fromList [LvI32 0,LvI32 3], sIndicVals = fromList [LvArr []]}]}], sCtrlVals = fromList [], sIndicVals = fromList []}
LvState {sTs = 45, sPrng = 0, sSched = [{LvN 1}], sNStates = fromList [LvNodeState {nsInputs = fromList [], nsCont = Nothing},LvNodeState {nsInputs = fromList [Nothing,Nothing], nsCont = Just KState[LvState {sTs = 44, sPrng = 0, sSched = [{LvN 1}], sNStates = fromList [LvNodeState {nsInputs = fromList [], nsCont = Nothing},LvNodeState {nsInputs = fromList [Nothing,Nothing], nsCont = Just KState[LvState {sTs = 43, sPrng = 0, sSched = [{LvC 1}], sNStates = fromList [], sCtrlVals = fromList [LvI32 1,LvI32 3], sIndicVals = fromList [LvArr []]}]}], sCtrlVals = fromList [LvI32 0,LvI32 3], sIndicVals = fromList [LvArr []]}]}], sCtrlVals = fromList [], sIndicVals = fromList []}
LvState {sTs = 52, sPrng = 0, sSched = [{LvN 1}], sNStates = fromList [LvNodeState {nsInputs = fromList [], nsCont = Nothing},LvNodeState {nsInputs = fromList [Nothing,Nothing], nsCont = Just KState[LvState {sTs = 51, sPrng = 0, sSched = [{LvN 1}], sNStates = fromList [LvNodeState {nsInputs = fromList [], nsCont = Nothing},LvNodeState {nsInputs = fromList [Nothing,Nothing], nsCont = Just KState[LvState {sTs = 51, sPrng = 0, sSched = [{LvC 0},{LvC 1}], sNStates = fromList [], sCtrlVals = fromList [LvI32 2,LvI32 3], sIndicVals = fromList [LvArr []]}]}], sCtrlVals = fromList [LvI32 0,LvI32 3], sIndicVals = fromList [LvArr []]}]}], sCtrlVals = fromList [], sIndicVals = fromList []}
LvState {sTs = 59, sPrng = 0, sSched = [{LvN 1}], sNStates = fromList [LvNodeState {nsInputs = fromList [], nsCont = Nothing},LvNodeState {nsInputs = fromList [Nothing,Nothing], nsCont = Just KState[LvState {sTs = 58, sPrng = 0, sSched = [{LvN 1}], sNStates = fromList [LvNodeState {nsInputs = fromList [], nsCont = Nothing},LvNodeState {nsInputs = fromList [Nothing,Nothing], nsCont = Just KState[LvState {sTs = 57, sPrng = 0, sSched = [{LvC 1}], sNStates = fromList [], sCtrlVals = fromList [LvI32 2,LvI32 3], sIndicVals = fromList [LvArr []]}]}], sCtrlVals = fromList [LvI32 0,LvI32 3], sIndicVals = fromList [LvArr []]}]}], sCtrlVals = fromList [], sIndicVals = fromList []}
LvState {sTs = 66, sPrng = 0, sSched = [{LvN 1}], sNStates = fromList [LvNodeState {nsInputs = fromList [], nsCont = Nothing},LvNodeState {nsInputs = fromList [Nothing,Nothing], nsCont = Just KState[LvState {sTs = 66, sPrng = 0, sSched = [{LvC 0},{LvC 1},{LvN 0}], sNStates = fromList [LvNodeState {nsInputs = fromList [], nsCont = Nothing},LvNodeState {nsInputs = fromList [Nothing,Nothing], nsCont = Nothing}], sCtrlVals = fromList [LvI32 1,LvI32 3], sIndicVals = fromList [LvArr []]}]}], sCtrlVals = fromList [], sIndicVals = fromList []}
LvState {sTs = 70, sPrng = 0, sSched = [{LvN 1}], sNStates = fromList [LvNodeState {nsInputs = fromList [], nsCont = Nothing},LvNodeState {nsInputs = fromList [Nothing,Nothing], nsCont = Just KState[LvState {sTs = 69, sPrng = 0, sSched = [{LvC 1},{LvN 0}], sNStates = fromList [LvNodeState {nsInputs = fromList [], nsCont = Nothing},LvNodeState {nsInputs = fromList [Nothing,Nothing], nsCont = Nothing}], sCtrlVals = fromList [LvI32 1,LvI32 3], sIndicVals = fromList [LvArr []]}]}], sCtrlVals = fromList [], sIndicVals = fromList []}
LvState {sTs = 74, sPrng = 0, sSched = [{LvN 1}], sNStates = fromList [LvNodeState {nsInputs = fromList [], nsCont = Nothing},LvNodeState {nsInputs = fromList [Nothing,Nothing], nsCont = Just KState[LvState {sTs = 73, sPrng = 0, sSched = [{LvN 0}], sNStates = fromList [LvNodeState {nsInputs = fromList [], nsCont = Nothing},LvNodeState {nsInputs = fromList [Nothing,Nothing], nsCont = Nothing}], sCtrlVals = fromList [LvI32 1,LvI32 3], sIndicVals = fromList [LvArr []]}]}], sCtrlVals = fromList [], sIndicVals = fromList []}
LvState {sTs = 80, sPrng = 0, sSched = [{LvN 1}], sNStates = fromList [LvNodeState {nsInputs = fromList [], nsCont = Nothing},LvNodeState {nsInputs = fromList [Nothing,Nothing], nsCont = Just KState[LvState {sTs = 79, sPrng = 0, sSched = [{LvN 1}], sNStates = fromList [LvNodeState {nsInputs = fromList [], nsCont = Nothing},LvNodeState {nsInputs = fromList [Nothing,Just (LvI32 3)], nsCont = Nothing}], sCtrlVals = fromList [LvI32 1,LvI32 3], sIndicVals = fromList [LvArr []]}]}], sCtrlVals = fromList [], sIndicVals = fromList []}
LvState {sTs = 90, sPrng = 0, sSched = [{LvN 1}], sNStates = fromList [LvNodeState {nsInputs = fromList [], nsCont = Nothing},LvNodeState {nsInputs = fromList [Nothing,Nothing], nsCont = Just KState[LvState {sTs = 89, sPrng = 0, sSched = [{LvN 1}], sNStates = fromList [LvNodeState {nsInputs = fromList [], nsCont = Nothing},LvNodeState {nsInputs = fromList [Nothing,Nothing], nsCont = Just KState[LvState {sTs = 88, sPrng = 0, sSched = [{LvC 1}], sNStates = fromList [], sCtrlVals = fromList [LvI32 0,LvI32 3], sIndicVals = fromList [LvArr []]}]}], sCtrlVals = fromList [LvI32 1,LvI32 3], sIndicVals = fromList [LvArr []]}]}], sCtrlVals = fromList [], sIndicVals = fromList []}
LvState {sTs = 97, sPrng = 0, sSched = [{LvN 1}], sNStates = fromList [LvNodeState {nsInputs = fromList [], nsCont = Nothing},LvNodeState {nsInputs = fromList [Nothing,Nothing], nsCont = Just KState[LvState {sTs = 96, sPrng = 0, sSched = [{LvN 1}], sNStates = fromList [LvNodeState {nsInputs = fromList [], nsCont = Nothing},LvNodeState {nsInputs = fromList [Nothing,Nothing], nsCont = Just KState[LvState {sTs = 96, sPrng = 0, sSched = [{LvC 0},{LvC 1}], sNStates = fromList [], sCtrlVals = fromList [LvI32 1,LvI32 3], sIndicVals = fromList [LvArr []]}]}], sCtrlVals = fromList [LvI32 1,LvI32 3], sIndicVals = fromList [LvArr []]}]}], sCtrlVals = fromList [], sIndicVals = fromList []}
LvState {sTs = 104, sPrng = 0, sSched = [{LvN 1}], sNStates = fromList [LvNodeState {nsInputs = fromList [], nsCont = Nothing},LvNodeState {nsInputs = fromList [Nothing,Nothing], nsCont = Just KState[LvState {sTs = 103, sPrng = 0, sSched = [{LvN 1}], sNStates = fromList [LvNodeState {nsInputs = fromList [], nsCont = Nothing},LvNodeState {nsInputs = fromList [Nothing,Nothing], nsCont = Just KState[LvState {sTs = 102, sPrng = 0, sSched = [{LvC 1}], sNStates = fromList [], sCtrlVals = fromList [LvI32 1,LvI32 3], sIndicVals = fromList [LvArr []]}]}], sCtrlVals = fromList [LvI32 1,LvI32 3], sIndicVals = fromList [LvArr []]}]}], sCtrlVals = fromList [], sIndicVals = fromList []}
LvState {sTs = 111, sPrng = 0, sSched = [{LvN 1}], sNStates = fromList [LvNodeState {nsInputs = fromList [], nsCont = Nothing},LvNodeState {nsInputs = fromList [Nothing,Nothing], nsCont = Just KState[LvState {sTs = 110, sPrng = 0, sSched = [{LvN 1}], sNStates = fromList [LvNodeState {nsInputs = fromList [], nsCont = Nothing},LvNodeState {nsInputs = fromList [Nothing,Nothing], nsCont = Just KState[LvState {sTs = 110, sPrng = 0, sSched = [{LvC 0},{LvC 1}], sNStates = fromList [], sCtrlVals = fromList [LvI32 2,LvI32 3], sIndicVals = fromList [LvArr []]}]}], sCtrlVals = fromList [LvI32 1,LvI32 3], sIndicVals = fromList [LvArr []]}]}], sCtrlVals = fromList [], sIndicVals = fromList []}
LvState {sTs = 118, sPrng = 0, sSched = [{LvN 1}], sNStates = fromList [LvNodeState {nsInputs = fromList [], nsCont = Nothing},LvNodeState {nsInputs = fromList [Nothing,Nothing], nsCont = Just KState[LvState {sTs = 117, sPrng = 0, sSched = [{LvN 1}], sNStates = fromList [LvNodeState {nsInputs = fromList [], nsCont = Nothing},LvNodeState {nsInputs = fromList [Nothing,Nothing], nsCont = Just KState[LvState {sTs = 116, sPrng = 0, sSched = [{LvC 1}], sNStates = fromList [], sCtrlVals = fromList [LvI32 2,LvI32 3], sIndicVals = fromList [LvArr []]}]}], sCtrlVals = fromList [LvI32 1,LvI32 3], sIndicVals = fromList [LvArr []]}]}], sCtrlVals = fromList [], sIndicVals = fromList []}
LvState {sTs = 125, sPrng = 0, sSched = [{LvN 1}], sNStates = fromList [LvNodeState {nsInputs = fromList [], nsCont = Nothing},LvNodeState {nsInputs = fromList [Nothing,Nothing], nsCont = Just KState[LvState {sTs = 125, sPrng = 0, sSched = [{LvC 0},{LvC 1},{LvN 0}], sNStates = fromList [LvNodeState {nsInputs = fromList [], nsCont = Nothing},LvNodeState {nsInputs = fromList [Nothing,Nothing], nsCont = Nothing}], sCtrlVals = fromList [LvI32 2,LvI32 3], sIndicVals = fromList [LvArr []]}]}], sCtrlVals = fromList [], sIndicVals = fromList []}
LvState {sTs = 129, sPrng = 0, sSched = [{LvN 1}], sNStates = fromList [LvNodeState {nsInputs = fromList [], nsCont = Nothing},LvNodeState {nsInputs = fromList [Nothing,Nothing], nsCont = Just KState[LvState {sTs = 128, sPrng = 0, sSched = [{LvC 1},{LvN 0}], sNStates = fromList [LvNodeState {nsInputs = fromList [], nsCont = Nothing},LvNodeState {nsInputs = fromList [Nothing,Nothing], nsCont = Nothing}], sCtrlVals = fromList [LvI32 2,LvI32 3], sIndicVals = fromList [LvArr []]}]}], sCtrlVals = fromList [], sIndicVals = fromList []}
LvState {sTs = 133, sPrng = 0, sSched = [{LvN 1}], sNStates = fromList [LvNodeState {nsInputs = fromList [], nsCont = Nothing},LvNodeState {nsInputs = fromList [Nothing,Nothing], nsCont = Just KState[LvState {sTs = 132, sPrng = 0, sSched = [{LvN 0}], sNStates = fromList [LvNodeState {nsInputs = fromList [], nsCont = Nothing},LvNodeState {nsInputs = fromList [Nothing,Nothing], nsCont = Nothing}], sCtrlVals = fromList [LvI32 2,LvI32 3], sIndicVals = fromList [LvArr []]}]}], sCtrlVals = fromList [], sIndicVals = fromList []}
LvState {sTs = 139, sPrng = 0, sSched = [{LvN 1}], sNStates = fromList [LvNodeState {nsInputs = fromList [], nsCont = Nothing},LvNodeState {nsInputs = fromList [Nothing,Nothing], nsCont = Just KState[LvState {sTs = 138, sPrng = 0, sSched = [{LvN 1}], sNStates = fromList [LvNodeState {nsInputs = fromList [], nsCont = Nothing},LvNodeState {nsInputs = fromList [Nothing,Just (LvI32 3)], nsCont = Nothing}], sCtrlVals = fromList [LvI32 2,LvI32 3], sIndicVals = fromList [LvArr []]}]}], sCtrlVals = fromList [], sIndicVals = fromList []}
LvState {sTs = 149, sPrng = 0, sSched = [{LvN 1}], sNStates = fromList [LvNodeState {nsInputs = fromList [], nsCont = Nothing},LvNodeState {nsInputs = fromList [Nothing,Nothing], nsCont = Just KState[LvState {sTs = 148, sPrng = 0, sSched = [{LvN 1}], sNStates = fromList [LvNodeState {nsInputs = fromList [], nsCont = Nothing},LvNodeState {nsInputs = fromList [Nothing,Nothing], nsCont = Just KState[LvState {sTs = 147, sPrng = 0, sSched = [{LvC 1}], sNStates = fromList [], sCtrlVals = fromList [LvI32 0,LvI32 3], sIndicVals = fromList [LvArr []]}]}], sCtrlVals = fromList [LvI32 2,LvI32 3], sIndicVals = fromList [LvArr []]}]}], sCtrlVals = fromList [], sIndicVals = fromList []}
LvState {sTs = 156, sPrng = 0, sSched = [{LvN 1}], sNStates = fromList [LvNodeState {nsInputs = fromList [], nsCont = Nothing},LvNodeState {nsInputs = fromList [Nothing,Nothing], nsCont = Just KState[LvState {sTs = 155, sPrng = 0, sSched = [{LvN 1}], sNStates = fromList [LvNodeState {nsInputs = fromList [], nsCont = Nothing},LvNodeState {nsInputs = fromList [Nothing,Nothing], nsCont = Just KState[LvState {sTs = 155, sPrng = 0, sSched = [{LvC 0},{LvC 1}], sNStates = fromList [], sCtrlVals = fromList [LvI32 1,LvI32 3], sIndicVals = fromList [LvArr []]}]}], sCtrlVals = fromList [LvI32 2,LvI32 3], sIndicVals = fromList [LvArr []]}]}], sCtrlVals = fromList [], sIndicVals = fromList []}
LvState {sTs = 163, sPrng = 0, sSched = [{LvN 1}], sNStates = fromList [LvNodeState {nsInputs = fromList [], nsCont = Nothing},LvNodeState {nsInputs = fromList [Nothing,Nothing], nsCont = Just KState[LvState {sTs = 162, sPrng = 0, sSched = [{LvN 1}], sNStates = fromList [LvNodeState {nsInputs = fromList [], nsCont = Nothing},LvNodeState {nsInputs = fromList [Nothing,Nothing], nsCont = Just KState[LvState {sTs = 161, sPrng = 0, sSched = [{LvC 1}], sNStates = fromList [], sCtrlVals = fromList [LvI32 1,LvI32 3], sIndicVals = fromList [LvArr []]}]}], sCtrlVals = fromList [LvI32 2,LvI32 3], sIndicVals = fromList [LvArr []]}]}], sCtrlVals = fromList [], sIndicVals = fromList []}
LvState {sTs = 170, sPrng = 0, sSched = [{LvN 1}], sNStates = fromList [LvNodeState {nsInputs = fromList [], nsCont = Nothing},LvNodeState {nsInputs = fromList [Nothing,Nothing], nsCont = Just KState[LvState {sTs = 169, sPrng = 0, sSched = [{LvN 1}], sNStates = fromList [LvNodeState {nsInputs = fromList [], nsCont = Nothing},LvNodeState {nsInputs = fromList [Nothing,Nothing], nsCont = Just KState[LvState {sTs = 169, sPrng = 0, sSched = [{LvC 0},{LvC 1}], sNStates = fromList [], sCtrlVals = fromList [LvI32 2,LvI32 3], sIndicVals = fromList [LvArr []]}]}], sCtrlVals = fromList [LvI32 2,LvI32 3], sIndicVals = fromList [LvArr []]}]}], sCtrlVals = fromList [], sIndicVals = fromList []}
LvState {sTs = 177, sPrng = 0, sSched = [{LvN 1}], sNStates = fromList [LvNodeState {nsInputs = fromList [], nsCont = Nothing},LvNodeState {nsInputs = fromList [Nothing,Nothing], nsCont = Just KState[LvState {sTs = 176, sPrng = 0, sSched = [{LvN 1}], sNStates = fromList [LvNodeState {nsInputs = fromList [], nsCont = Nothing},LvNodeState {nsInputs = fromList [Nothing,Nothing], nsCont = Just KState[LvState {sTs = 175, sPrng = 0, sSched = [{LvC 1}], sNStates = fromList [], sCtrlVals = fromList [LvI32 2,LvI32 3], sIndicVals = fromList [LvArr []]}]}], sCtrlVals = fromList [LvI32 2,LvI32 3], sIndicVals = fromList [LvArr []]}]}], sCtrlVals = fromList [], sIndicVals = fromList []}
LvState {sTs = 184, sPrng = 0, sSched = [], sNStates = fromList [LvNodeState {nsInputs = fromList [], nsCont = Nothing},LvNodeState {nsInputs = fromList [Nothing,Nothing], nsCont = Nothing}], sCtrlVals = fromList [], sIndicVals = fromList []}
