LvVI {vControls = [], vIndicators = [], vNodes = [("outer 3",LvConstant (LvI32 3)),("outer for",LvStructure LvFor (LvVI {vControls = [("i",LvAutoControl),("N",LvTunControl)], vIndicators = [("out",LvTunIndicator LvAutoIndexing)], vNodes = [("inner 3",LvConstant (LvI32 3)),("inner for",LvStructure LvFor (LvVI {vControls = [("i",LvAutoControl),("N",LvTunControl)], vIndicators = [("out",LvTunIndicator LvAutoIndexing)], vNodes = [], vWires = []}))], vWires = [LvWire {wSrc = {LvN 0, 0}, wDst = {LvN 1, 1}}]}))], vWires = [LvWire {wSrc = {LvN 0, 0}, wDst = {LvN 1, 1}}]}
LvState {sTs = 1, sSched = [{LvN 0}], sNodeStates = fromList [LvNodeState {nsInputs = fromList [], nsCont = Nothing},LvNodeState {nsInputs = fromList [Nothing,Nothing], nsCont = Nothing}], sControlValues = fromList [], sIndicatorValues = fromList []}
LvState {sTs = 4, sSched = [{LvN 1}], sNodeStates = fromList [LvNodeState {nsInputs = fromList [], nsCont = Nothing},LvNodeState {nsInputs = fromList [Nothing,Just (LvI32 3)], nsCont = Nothing}], sControlValues = fromList [], sIndicatorValues = fromList []}
LvState {sTs = 12, sSched = [{LvN 1}], sNodeStates = fromList [LvNodeState {nsInputs = fromList [], nsCont = Nothing},LvNodeState {nsInputs = fromList [Nothing,Nothing], nsCont = Just KState[LvState {sTs = 11, sSched = [{LvC 1},{LvN 0}], sNodeStates = fromList [LvNodeState {nsInputs = fromList [], nsCont = Nothing},LvNodeState {nsInputs = fromList [Nothing,Nothing], nsCont = Nothing}], sControlValues = fromList [LvI32 0,LvI32 3], sIndicatorValues = fromList [LvArr []]}]}], sControlValues = fromList [], sIndicatorValues = fromList []}
LvState {sTs = 16, sSched = [{LvN 1}], sNodeStates = fromList [LvNodeState {nsInputs = fromList [], nsCont = Nothing},LvNodeState {nsInputs = fromList [Nothing,Nothing], nsCont = Just KState[LvState {sTs = 15, sSched = [{LvN 0}], sNodeStates = fromList [LvNodeState {nsInputs = fromList [], nsCont = Nothing},LvNodeState {nsInputs = fromList [Nothing,Nothing], nsCont = Nothing}], sControlValues = fromList [LvI32 0,LvI32 3], sIndicatorValues = fromList [LvArr []]}]}], sControlValues = fromList [], sIndicatorValues = fromList []}
LvState {sTs = 22, sSched = [{LvN 1}], sNodeStates = fromList [LvNodeState {nsInputs = fromList [], nsCont = Nothing},LvNodeState {nsInputs = fromList [Nothing,Nothing], nsCont = Just KState[LvState {sTs = 21, sSched = [{LvN 1}], sNodeStates = fromList [LvNodeState {nsInputs = fromList [], nsCont = Nothing},LvNodeState {nsInputs = fromList [Nothing,Just (LvI32 3)], nsCont = Nothing}], sControlValues = fromList [LvI32 0,LvI32 3], sIndicatorValues = fromList [LvArr []]}]}], sControlValues = fromList [], sIndicatorValues = fromList []}
LvState {sTs = 33, sSched = [{LvN 1}], sNodeStates = fromList [LvNodeState {nsInputs = fromList [], nsCont = Nothing},LvNodeState {nsInputs = fromList [Nothing,Nothing], nsCont = Just KState[LvState {sTs = 32, sSched = [{LvN 1}], sNodeStates = fromList [LvNodeState {nsInputs = fromList [], nsCont = Nothing},LvNodeState {nsInputs = fromList [Nothing,Nothing], nsCont = Just KState[LvState {sTs = 31, sSched = [{LvC 1}], sNodeStates = fromList [], sControlValues = fromList [LvI32 0,LvI32 3], sIndicatorValues = fromList [LvArr []]}]}], sControlValues = fromList [LvI32 0,LvI32 3], sIndicatorValues = fromList [LvArr []]}]}], sControlValues = fromList [], sIndicatorValues = fromList []}
LvState {sTs = 40, sSched = [{LvN 1}], sNodeStates = fromList [LvNodeState {nsInputs = fromList [], nsCont = Nothing},LvNodeState {nsInputs = fromList [Nothing,Nothing], nsCont = Just KState[LvState {sTs = 39, sSched = [{LvN 1}], sNodeStates = fromList [LvNodeState {nsInputs = fromList [], nsCont = Nothing},LvNodeState {nsInputs = fromList [Nothing,Nothing], nsCont = Just KState[LvState {sTs = 39, sSched = [{LvC 0},{LvC 1}], sNodeStates = fromList [], sControlValues = fromList [LvI32 1,LvI32 3], sIndicatorValues = fromList [LvArr []]}]}], sControlValues = fromList [LvI32 0,LvI32 3], sIndicatorValues = fromList [LvArr []]}]}], sControlValues = fromList [], sIndicatorValues = fromList []}
LvState {sTs = 47, sSched = [{LvN 1}], sNodeStates = fromList [LvNodeState {nsInputs = fromList [], nsCont = Nothing},LvNodeState {nsInputs = fromList [Nothing,Nothing], nsCont = Just KState[LvState {sTs = 46, sSched = [{LvN 1}], sNodeStates = fromList [LvNodeState {nsInputs = fromList [], nsCont = Nothing},LvNodeState {nsInputs = fromList [Nothing,Nothing], nsCont = Just KState[LvState {sTs = 45, sSched = [{LvC 1}], sNodeStates = fromList [], sControlValues = fromList [LvI32 1,LvI32 3], sIndicatorValues = fromList [LvArr []]}]}], sControlValues = fromList [LvI32 0,LvI32 3], sIndicatorValues = fromList [LvArr []]}]}], sControlValues = fromList [], sIndicatorValues = fromList []}
LvState {sTs = 54, sSched = [{LvN 1}], sNodeStates = fromList [LvNodeState {nsInputs = fromList [], nsCont = Nothing},LvNodeState {nsInputs = fromList [Nothing,Nothing], nsCont = Just KState[LvState {sTs = 53, sSched = [{LvN 1}], sNodeStates = fromList [LvNodeState {nsInputs = fromList [], nsCont = Nothing},LvNodeState {nsInputs = fromList [Nothing,Nothing], nsCont = Just KState[LvState {sTs = 53, sSched = [{LvC 0},{LvC 1}], sNodeStates = fromList [], sControlValues = fromList [LvI32 2,LvI32 3], sIndicatorValues = fromList [LvArr []]}]}], sControlValues = fromList [LvI32 0,LvI32 3], sIndicatorValues = fromList [LvArr []]}]}], sControlValues = fromList [], sIndicatorValues = fromList []}
LvState {sTs = 61, sSched = [{LvN 1}], sNodeStates = fromList [LvNodeState {nsInputs = fromList [], nsCont = Nothing},LvNodeState {nsInputs = fromList [Nothing,Nothing], nsCont = Just KState[LvState {sTs = 60, sSched = [{LvN 1}], sNodeStates = fromList [LvNodeState {nsInputs = fromList [], nsCont = Nothing},LvNodeState {nsInputs = fromList [Nothing,Nothing], nsCont = Just KState[LvState {sTs = 59, sSched = [{LvC 1}], sNodeStates = fromList [], sControlValues = fromList [LvI32 2,LvI32 3], sIndicatorValues = fromList [LvArr []]}]}], sControlValues = fromList [LvI32 0,LvI32 3], sIndicatorValues = fromList [LvArr []]}]}], sControlValues = fromList [], sIndicatorValues = fromList []}
LvState {sTs = 68, sSched = [{LvN 1}], sNodeStates = fromList [LvNodeState {nsInputs = fromList [], nsCont = Nothing},LvNodeState {nsInputs = fromList [Nothing,Nothing], nsCont = Just KState[LvState {sTs = 68, sSched = [{LvC 0},{LvC 1},{LvN 0}], sNodeStates = fromList [LvNodeState {nsInputs = fromList [], nsCont = Nothing},LvNodeState {nsInputs = fromList [Nothing,Nothing], nsCont = Nothing}], sControlValues = fromList [LvI32 1,LvI32 3], sIndicatorValues = fromList [LvArr []]}]}], sControlValues = fromList [], sIndicatorValues = fromList []}
LvState {sTs = 72, sSched = [{LvN 1}], sNodeStates = fromList [LvNodeState {nsInputs = fromList [], nsCont = Nothing},LvNodeState {nsInputs = fromList [Nothing,Nothing], nsCont = Just KState[LvState {sTs = 71, sSched = [{LvC 1},{LvN 0}], sNodeStates = fromList [LvNodeState {nsInputs = fromList [], nsCont = Nothing},LvNodeState {nsInputs = fromList [Nothing,Nothing], nsCont = Nothing}], sControlValues = fromList [LvI32 1,LvI32 3], sIndicatorValues = fromList [LvArr []]}]}], sControlValues = fromList [], sIndicatorValues = fromList []}
LvState {sTs = 76, sSched = [{LvN 1}], sNodeStates = fromList [LvNodeState {nsInputs = fromList [], nsCont = Nothing},LvNodeState {nsInputs = fromList [Nothing,Nothing], nsCont = Just KState[LvState {sTs = 75, sSched = [{LvN 0}], sNodeStates = fromList [LvNodeState {nsInputs = fromList [], nsCont = Nothing},LvNodeState {nsInputs = fromList [Nothing,Nothing], nsCont = Nothing}], sControlValues = fromList [LvI32 1,LvI32 3], sIndicatorValues = fromList [LvArr []]}]}], sControlValues = fromList [], sIndicatorValues = fromList []}
LvState {sTs = 82, sSched = [{LvN 1}], sNodeStates = fromList [LvNodeState {nsInputs = fromList [], nsCont = Nothing},LvNodeState {nsInputs = fromList [Nothing,Nothing], nsCont = Just KState[LvState {sTs = 81, sSched = [{LvN 1}], sNodeStates = fromList [LvNodeState {nsInputs = fromList [], nsCont = Nothing},LvNodeState {nsInputs = fromList [Nothing,Just (LvI32 3)], nsCont = Nothing}], sControlValues = fromList [LvI32 1,LvI32 3], sIndicatorValues = fromList [LvArr []]}]}], sControlValues = fromList [], sIndicatorValues = fromList []}
LvState {sTs = 93, sSched = [{LvN 1}], sNodeStates = fromList [LvNodeState {nsInputs = fromList [], nsCont = Nothing},LvNodeState {nsInputs = fromList [Nothing,Nothing], nsCont = Just KState[LvState {sTs = 92, sSched = [{LvN 1}], sNodeStates = fromList [LvNodeState {nsInputs = fromList [], nsCont = Nothing},LvNodeState {nsInputs = fromList [Nothing,Nothing], nsCont = Just KState[LvState {sTs = 91, sSched = [{LvC 1}], sNodeStates = fromList [], sControlValues = fromList [LvI32 0,LvI32 3], sIndicatorValues = fromList [LvArr []]}]}], sControlValues = fromList [LvI32 1,LvI32 3], sIndicatorValues = fromList [LvArr []]}]}], sControlValues = fromList [], sIndicatorValues = fromList []}
LvState {sTs = 100, sSched = [{LvN 1}], sNodeStates = fromList [LvNodeState {nsInputs = fromList [], nsCont = Nothing},LvNodeState {nsInputs = fromList [Nothing,Nothing], nsCont = Just KState[LvState {sTs = 99, sSched = [{LvN 1}], sNodeStates = fromList [LvNodeState {nsInputs = fromList [], nsCont = Nothing},LvNodeState {nsInputs = fromList [Nothing,Nothing], nsCont = Just KState[LvState {sTs = 99, sSched = [{LvC 0},{LvC 1}], sNodeStates = fromList [], sControlValues = fromList [LvI32 1,LvI32 3], sIndicatorValues = fromList [LvArr []]}]}], sControlValues = fromList [LvI32 1,LvI32 3], sIndicatorValues = fromList [LvArr []]}]}], sControlValues = fromList [], sIndicatorValues = fromList []}
LvState {sTs = 107, sSched = [{LvN 1}], sNodeStates = fromList [LvNodeState {nsInputs = fromList [], nsCont = Nothing},LvNodeState {nsInputs = fromList [Nothing,Nothing], nsCont = Just KState[LvState {sTs = 106, sSched = [{LvN 1}], sNodeStates = fromList [LvNodeState {nsInputs = fromList [], nsCont = Nothing},LvNodeState {nsInputs = fromList [Nothing,Nothing], nsCont = Just KState[LvState {sTs = 105, sSched = [{LvC 1}], sNodeStates = fromList [], sControlValues = fromList [LvI32 1,LvI32 3], sIndicatorValues = fromList [LvArr []]}]}], sControlValues = fromList [LvI32 1,LvI32 3], sIndicatorValues = fromList [LvArr []]}]}], sControlValues = fromList [], sIndicatorValues = fromList []}
LvState {sTs = 114, sSched = [{LvN 1}], sNodeStates = fromList [LvNodeState {nsInputs = fromList [], nsCont = Nothing},LvNodeState {nsInputs = fromList [Nothing,Nothing], nsCont = Just KState[LvState {sTs = 113, sSched = [{LvN 1}], sNodeStates = fromList [LvNodeState {nsInputs = fromList [], nsCont = Nothing},LvNodeState {nsInputs = fromList [Nothing,Nothing], nsCont = Just KState[LvState {sTs = 113, sSched = [{LvC 0},{LvC 1}], sNodeStates = fromList [], sControlValues = fromList [LvI32 2,LvI32 3], sIndicatorValues = fromList [LvArr []]}]}], sControlValues = fromList [LvI32 1,LvI32 3], sIndicatorValues = fromList [LvArr []]}]}], sControlValues = fromList [], sIndicatorValues = fromList []}
LvState {sTs = 121, sSched = [{LvN 1}], sNodeStates = fromList [LvNodeState {nsInputs = fromList [], nsCont = Nothing},LvNodeState {nsInputs = fromList [Nothing,Nothing], nsCont = Just KState[LvState {sTs = 120, sSched = [{LvN 1}], sNodeStates = fromList [LvNodeState {nsInputs = fromList [], nsCont = Nothing},LvNodeState {nsInputs = fromList [Nothing,Nothing], nsCont = Just KState[LvState {sTs = 119, sSched = [{LvC 1}], sNodeStates = fromList [], sControlValues = fromList [LvI32 2,LvI32 3], sIndicatorValues = fromList [LvArr []]}]}], sControlValues = fromList [LvI32 1,LvI32 3], sIndicatorValues = fromList [LvArr []]}]}], sControlValues = fromList [], sIndicatorValues = fromList []}
LvState {sTs = 128, sSched = [{LvN 1}], sNodeStates = fromList [LvNodeState {nsInputs = fromList [], nsCont = Nothing},LvNodeState {nsInputs = fromList [Nothing,Nothing], nsCont = Just KState[LvState {sTs = 128, sSched = [{LvC 0},{LvC 1},{LvN 0}], sNodeStates = fromList [LvNodeState {nsInputs = fromList [], nsCont = Nothing},LvNodeState {nsInputs = fromList [Nothing,Nothing], nsCont = Nothing}], sControlValues = fromList [LvI32 2,LvI32 3], sIndicatorValues = fromList [LvArr []]}]}], sControlValues = fromList [], sIndicatorValues = fromList []}
LvState {sTs = 132, sSched = [{LvN 1}], sNodeStates = fromList [LvNodeState {nsInputs = fromList [], nsCont = Nothing},LvNodeState {nsInputs = fromList [Nothing,Nothing], nsCont = Just KState[LvState {sTs = 131, sSched = [{LvC 1},{LvN 0}], sNodeStates = fromList [LvNodeState {nsInputs = fromList [], nsCont = Nothing},LvNodeState {nsInputs = fromList [Nothing,Nothing], nsCont = Nothing}], sControlValues = fromList [LvI32 2,LvI32 3], sIndicatorValues = fromList [LvArr []]}]}], sControlValues = fromList [], sIndicatorValues = fromList []}
LvState {sTs = 136, sSched = [{LvN 1}], sNodeStates = fromList [LvNodeState {nsInputs = fromList [], nsCont = Nothing},LvNodeState {nsInputs = fromList [Nothing,Nothing], nsCont = Just KState[LvState {sTs = 135, sSched = [{LvN 0}], sNodeStates = fromList [LvNodeState {nsInputs = fromList [], nsCont = Nothing},LvNodeState {nsInputs = fromList [Nothing,Nothing], nsCont = Nothing}], sControlValues = fromList [LvI32 2,LvI32 3], sIndicatorValues = fromList [LvArr []]}]}], sControlValues = fromList [], sIndicatorValues = fromList []}
LvState {sTs = 142, sSched = [{LvN 1}], sNodeStates = fromList [LvNodeState {nsInputs = fromList [], nsCont = Nothing},LvNodeState {nsInputs = fromList [Nothing,Nothing], nsCont = Just KState[LvState {sTs = 141, sSched = [{LvN 1}], sNodeStates = fromList [LvNodeState {nsInputs = fromList [], nsCont = Nothing},LvNodeState {nsInputs = fromList [Nothing,Just (LvI32 3)], nsCont = Nothing}], sControlValues = fromList [LvI32 2,LvI32 3], sIndicatorValues = fromList [LvArr []]}]}], sControlValues = fromList [], sIndicatorValues = fromList []}
LvState {sTs = 153, sSched = [{LvN 1}], sNodeStates = fromList [LvNodeState {nsInputs = fromList [], nsCont = Nothing},LvNodeState {nsInputs = fromList [Nothing,Nothing], nsCont = Just KState[LvState {sTs = 152, sSched = [{LvN 1}], sNodeStates = fromList [LvNodeState {nsInputs = fromList [], nsCont = Nothing},LvNodeState {nsInputs = fromList [Nothing,Nothing], nsCont = Just KState[LvState {sTs = 151, sSched = [{LvC 1}], sNodeStates = fromList [], sControlValues = fromList [LvI32 0,LvI32 3], sIndicatorValues = fromList [LvArr []]}]}], sControlValues = fromList [LvI32 2,LvI32 3], sIndicatorValues = fromList [LvArr []]}]}], sControlValues = fromList [], sIndicatorValues = fromList []}
LvState {sTs = 160, sSched = [{LvN 1}], sNodeStates = fromList [LvNodeState {nsInputs = fromList [], nsCont = Nothing},LvNodeState {nsInputs = fromList [Nothing,Nothing], nsCont = Just KState[LvState {sTs = 159, sSched = [{LvN 1}], sNodeStates = fromList [LvNodeState {nsInputs = fromList [], nsCont = Nothing},LvNodeState {nsInputs = fromList [Nothing,Nothing], nsCont = Just KState[LvState {sTs = 159, sSched = [{LvC 0},{LvC 1}], sNodeStates = fromList [], sControlValues = fromList [LvI32 1,LvI32 3], sIndicatorValues = fromList [LvArr []]}]}], sControlValues = fromList [LvI32 2,LvI32 3], sIndicatorValues = fromList [LvArr []]}]}], sControlValues = fromList [], sIndicatorValues = fromList []}
LvState {sTs = 167, sSched = [{LvN 1}], sNodeStates = fromList [LvNodeState {nsInputs = fromList [], nsCont = Nothing},LvNodeState {nsInputs = fromList [Nothing,Nothing], nsCont = Just KState[LvState {sTs = 166, sSched = [{LvN 1}], sNodeStates = fromList [LvNodeState {nsInputs = fromList [], nsCont = Nothing},LvNodeState {nsInputs = fromList [Nothing,Nothing], nsCont = Just KState[LvState {sTs = 165, sSched = [{LvC 1}], sNodeStates = fromList [], sControlValues = fromList [LvI32 1,LvI32 3], sIndicatorValues = fromList [LvArr []]}]}], sControlValues = fromList [LvI32 2,LvI32 3], sIndicatorValues = fromList [LvArr []]}]}], sControlValues = fromList [], sIndicatorValues = fromList []}
LvState {sTs = 174, sSched = [{LvN 1}], sNodeStates = fromList [LvNodeState {nsInputs = fromList [], nsCont = Nothing},LvNodeState {nsInputs = fromList [Nothing,Nothing], nsCont = Just KState[LvState {sTs = 173, sSched = [{LvN 1}], sNodeStates = fromList [LvNodeState {nsInputs = fromList [], nsCont = Nothing},LvNodeState {nsInputs = fromList [Nothing,Nothing], nsCont = Just KState[LvState {sTs = 173, sSched = [{LvC 0},{LvC 1}], sNodeStates = fromList [], sControlValues = fromList [LvI32 2,LvI32 3], sIndicatorValues = fromList [LvArr []]}]}], sControlValues = fromList [LvI32 2,LvI32 3], sIndicatorValues = fromList [LvArr []]}]}], sControlValues = fromList [], sIndicatorValues = fromList []}
LvState {sTs = 181, sSched = [{LvN 1}], sNodeStates = fromList [LvNodeState {nsInputs = fromList [], nsCont = Nothing},LvNodeState {nsInputs = fromList [Nothing,Nothing], nsCont = Just KState[LvState {sTs = 180, sSched = [{LvN 1}], sNodeStates = fromList [LvNodeState {nsInputs = fromList [], nsCont = Nothing},LvNodeState {nsInputs = fromList [Nothing,Nothing], nsCont = Just KState[LvState {sTs = 179, sSched = [{LvC 1}], sNodeStates = fromList [], sControlValues = fromList [LvI32 2,LvI32 3], sIndicatorValues = fromList [LvArr []]}]}], sControlValues = fromList [LvI32 2,LvI32 3], sIndicatorValues = fromList [LvArr []]}]}], sControlValues = fromList [], sIndicatorValues = fromList []}
LvState {sTs = 188, sSched = [], sNodeStates = fromList [LvNodeState {nsInputs = fromList [], nsCont = Nothing},LvNodeState {nsInputs = fromList [Nothing,Nothing], nsCont = Nothing}], sControlValues = fromList [], sIndicatorValues = fromList []}
