LvVI {vCtrls = [], vIndics = [], vNodes = [("outer 3",LvConstant (LvI32 3)),("outer for",LvStructure LvFor (LvVI {vCtrls = [("i",LvAutoControl),("N",LvTunControl)], vIndics = [("out",LvTunIndicator LvAutoIndexing)], vNodes = [("inner 3",LvConstant (LvI32 3)),("inner for",LvStructure LvFor (LvVI {vCtrls = [("i",LvAutoControl),("N",LvTunControl)], vIndics = [("out",LvTunIndicator LvAutoIndexing)], vNodes = [], vWires = []}))], vWires = [LvWire {wSrc = {LvN 0, 0}, wDst = {LvN 1, 1}}]}))], vWires = [LvWire {wSrc = {LvN 0, 0}, wDst = {LvN 1, 1}}]}
LvState {sTs = 1, sSched = [{LvN 0}], sNStates = fromList [LvNodeState {nsInputs = fromList [], nsCont = Nothing},LvNodeState {nsInputs = fromList [Nothing,Nothing], nsCont = Nothing}], sCtrlVals = fromList [], sIndicVals = fromList []}
LvState {sTs = 4, sSched = [{LvN 1}], sNStates = fromList [LvNodeState {nsInputs = fromList [], nsCont = Nothing},LvNodeState {nsInputs = fromList [Nothing,Just (LvI32 3)], nsCont = Nothing}], sCtrlVals = fromList [], sIndicVals = fromList []}
LvState {sTs = 11, sSched = [{LvN 1}], sNStates = fromList [LvNodeState {nsInputs = fromList [], nsCont = Nothing},LvNodeState {nsInputs = fromList [Nothing,Nothing], nsCont = Just KState[LvState {sTs = 10, sSched = [{LvC 1},{LvN 0}], sNStates = fromList [LvNodeState {nsInputs = fromList [], nsCont = Nothing},LvNodeState {nsInputs = fromList [Nothing,Nothing], nsCont = Nothing}], sCtrlVals = fromList [LvI32 0,LvI32 3], sIndicVals = fromList [LvArr []]}]}], sCtrlVals = fromList [], sIndicVals = fromList []}
LvState {sTs = 15, sSched = [{LvN 1}], sNStates = fromList [LvNodeState {nsInputs = fromList [], nsCont = Nothing},LvNodeState {nsInputs = fromList [Nothing,Nothing], nsCont = Just KState[LvState {sTs = 14, sSched = [{LvN 0}], sNStates = fromList [LvNodeState {nsInputs = fromList [], nsCont = Nothing},LvNodeState {nsInputs = fromList [Nothing,Nothing], nsCont = Nothing}], sCtrlVals = fromList [LvI32 0,LvI32 3], sIndicVals = fromList [LvArr []]}]}], sCtrlVals = fromList [], sIndicVals = fromList []}
LvState {sTs = 21, sSched = [{LvN 1}], sNStates = fromList [LvNodeState {nsInputs = fromList [], nsCont = Nothing},LvNodeState {nsInputs = fromList [Nothing,Nothing], nsCont = Just KState[LvState {sTs = 20, sSched = [{LvN 1}], sNStates = fromList [LvNodeState {nsInputs = fromList [], nsCont = Nothing},LvNodeState {nsInputs = fromList [Nothing,Just (LvI32 3)], nsCont = Nothing}], sCtrlVals = fromList [LvI32 0,LvI32 3], sIndicVals = fromList [LvArr []]}]}], sCtrlVals = fromList [], sIndicVals = fromList []}
LvState {sTs = 31, sSched = [{LvN 1}], sNStates = fromList [LvNodeState {nsInputs = fromList [], nsCont = Nothing},LvNodeState {nsInputs = fromList [Nothing,Nothing], nsCont = Just KState[LvState {sTs = 30, sSched = [{LvN 1}], sNStates = fromList [LvNodeState {nsInputs = fromList [], nsCont = Nothing},LvNodeState {nsInputs = fromList [Nothing,Nothing], nsCont = Just KState[LvState {sTs = 29, sSched = [{LvC 1}], sNStates = fromList [], sCtrlVals = fromList [LvI32 0,LvI32 3], sIndicVals = fromList [LvArr []]}]}], sCtrlVals = fromList [LvI32 0,LvI32 3], sIndicVals = fromList [LvArr []]}]}], sCtrlVals = fromList [], sIndicVals = fromList []}
LvState {sTs = 38, sSched = [{LvN 1}], sNStates = fromList [LvNodeState {nsInputs = fromList [], nsCont = Nothing},LvNodeState {nsInputs = fromList [Nothing,Nothing], nsCont = Just KState[LvState {sTs = 37, sSched = [{LvN 1}], sNStates = fromList [LvNodeState {nsInputs = fromList [], nsCont = Nothing},LvNodeState {nsInputs = fromList [Nothing,Nothing], nsCont = Just KState[LvState {sTs = 37, sSched = [{LvC 0},{LvC 1}], sNStates = fromList [], sCtrlVals = fromList [LvI32 1,LvI32 3], sIndicVals = fromList [LvArr []]}]}], sCtrlVals = fromList [LvI32 0,LvI32 3], sIndicVals = fromList [LvArr []]}]}], sCtrlVals = fromList [], sIndicVals = fromList []}
LvState {sTs = 45, sSched = [{LvN 1}], sNStates = fromList [LvNodeState {nsInputs = fromList [], nsCont = Nothing},LvNodeState {nsInputs = fromList [Nothing,Nothing], nsCont = Just KState[LvState {sTs = 44, sSched = [{LvN 1}], sNStates = fromList [LvNodeState {nsInputs = fromList [], nsCont = Nothing},LvNodeState {nsInputs = fromList [Nothing,Nothing], nsCont = Just KState[LvState {sTs = 43, sSched = [{LvC 1}], sNStates = fromList [], sCtrlVals = fromList [LvI32 1,LvI32 3], sIndicVals = fromList [LvArr []]}]}], sCtrlVals = fromList [LvI32 0,LvI32 3], sIndicVals = fromList [LvArr []]}]}], sCtrlVals = fromList [], sIndicVals = fromList []}
LvState {sTs = 52, sSched = [{LvN 1}], sNStates = fromList [LvNodeState {nsInputs = fromList [], nsCont = Nothing},LvNodeState {nsInputs = fromList [Nothing,Nothing], nsCont = Just KState[LvState {sTs = 51, sSched = [{LvN 1}], sNStates = fromList [LvNodeState {nsInputs = fromList [], nsCont = Nothing},LvNodeState {nsInputs = fromList [Nothing,Nothing], nsCont = Just KState[LvState {sTs = 51, sSched = [{LvC 0},{LvC 1}], sNStates = fromList [], sCtrlVals = fromList [LvI32 2,LvI32 3], sIndicVals = fromList [LvArr []]}]}], sCtrlVals = fromList [LvI32 0,LvI32 3], sIndicVals = fromList [LvArr []]}]}], sCtrlVals = fromList [], sIndicVals = fromList []}
LvState {sTs = 59, sSched = [{LvN 1}], sNStates = fromList [LvNodeState {nsInputs = fromList [], nsCont = Nothing},LvNodeState {nsInputs = fromList [Nothing,Nothing], nsCont = Just KState[LvState {sTs = 58, sSched = [{LvN 1}], sNStates = fromList [LvNodeState {nsInputs = fromList [], nsCont = Nothing},LvNodeState {nsInputs = fromList [Nothing,Nothing], nsCont = Just KState[LvState {sTs = 57, sSched = [{LvC 1}], sNStates = fromList [], sCtrlVals = fromList [LvI32 2,LvI32 3], sIndicVals = fromList [LvArr []]}]}], sCtrlVals = fromList [LvI32 0,LvI32 3], sIndicVals = fromList [LvArr []]}]}], sCtrlVals = fromList [], sIndicVals = fromList []}
LvState {sTs = 66, sSched = [{LvN 1}], sNStates = fromList [LvNodeState {nsInputs = fromList [], nsCont = Nothing},LvNodeState {nsInputs = fromList [Nothing,Nothing], nsCont = Just KState[LvState {sTs = 66, sSched = [{LvC 0},{LvC 1},{LvN 0}], sNStates = fromList [LvNodeState {nsInputs = fromList [], nsCont = Nothing},LvNodeState {nsInputs = fromList [Nothing,Nothing], nsCont = Nothing}], sCtrlVals = fromList [LvI32 1,LvI32 3], sIndicVals = fromList [LvArr []]}]}], sCtrlVals = fromList [], sIndicVals = fromList []}
LvState {sTs = 70, sSched = [{LvN 1}], sNStates = fromList [LvNodeState {nsInputs = fromList [], nsCont = Nothing},LvNodeState {nsInputs = fromList [Nothing,Nothing], nsCont = Just KState[LvState {sTs = 69, sSched = [{LvC 1},{LvN 0}], sNStates = fromList [LvNodeState {nsInputs = fromList [], nsCont = Nothing},LvNodeState {nsInputs = fromList [Nothing,Nothing], nsCont = Nothing}], sCtrlVals = fromList [LvI32 1,LvI32 3], sIndicVals = fromList [LvArr []]}]}], sCtrlVals = fromList [], sIndicVals = fromList []}
LvState {sTs = 74, sSched = [{LvN 1}], sNStates = fromList [LvNodeState {nsInputs = fromList [], nsCont = Nothing},LvNodeState {nsInputs = fromList [Nothing,Nothing], nsCont = Just KState[LvState {sTs = 73, sSched = [{LvN 0}], sNStates = fromList [LvNodeState {nsInputs = fromList [], nsCont = Nothing},LvNodeState {nsInputs = fromList [Nothing,Nothing], nsCont = Nothing}], sCtrlVals = fromList [LvI32 1,LvI32 3], sIndicVals = fromList [LvArr []]}]}], sCtrlVals = fromList [], sIndicVals = fromList []}
LvState {sTs = 80, sSched = [{LvN 1}], sNStates = fromList [LvNodeState {nsInputs = fromList [], nsCont = Nothing},LvNodeState {nsInputs = fromList [Nothing,Nothing], nsCont = Just KState[LvState {sTs = 79, sSched = [{LvN 1}], sNStates = fromList [LvNodeState {nsInputs = fromList [], nsCont = Nothing},LvNodeState {nsInputs = fromList [Nothing,Just (LvI32 3)], nsCont = Nothing}], sCtrlVals = fromList [LvI32 1,LvI32 3], sIndicVals = fromList [LvArr []]}]}], sCtrlVals = fromList [], sIndicVals = fromList []}
LvState {sTs = 90, sSched = [{LvN 1}], sNStates = fromList [LvNodeState {nsInputs = fromList [], nsCont = Nothing},LvNodeState {nsInputs = fromList [Nothing,Nothing], nsCont = Just KState[LvState {sTs = 89, sSched = [{LvN 1}], sNStates = fromList [LvNodeState {nsInputs = fromList [], nsCont = Nothing},LvNodeState {nsInputs = fromList [Nothing,Nothing], nsCont = Just KState[LvState {sTs = 88, sSched = [{LvC 1}], sNStates = fromList [], sCtrlVals = fromList [LvI32 0,LvI32 3], sIndicVals = fromList [LvArr []]}]}], sCtrlVals = fromList [LvI32 1,LvI32 3], sIndicVals = fromList [LvArr []]}]}], sCtrlVals = fromList [], sIndicVals = fromList []}
LvState {sTs = 97, sSched = [{LvN 1}], sNStates = fromList [LvNodeState {nsInputs = fromList [], nsCont = Nothing},LvNodeState {nsInputs = fromList [Nothing,Nothing], nsCont = Just KState[LvState {sTs = 96, sSched = [{LvN 1}], sNStates = fromList [LvNodeState {nsInputs = fromList [], nsCont = Nothing},LvNodeState {nsInputs = fromList [Nothing,Nothing], nsCont = Just KState[LvState {sTs = 96, sSched = [{LvC 0},{LvC 1}], sNStates = fromList [], sCtrlVals = fromList [LvI32 1,LvI32 3], sIndicVals = fromList [LvArr []]}]}], sCtrlVals = fromList [LvI32 1,LvI32 3], sIndicVals = fromList [LvArr []]}]}], sCtrlVals = fromList [], sIndicVals = fromList []}
LvState {sTs = 104, sSched = [{LvN 1}], sNStates = fromList [LvNodeState {nsInputs = fromList [], nsCont = Nothing},LvNodeState {nsInputs = fromList [Nothing,Nothing], nsCont = Just KState[LvState {sTs = 103, sSched = [{LvN 1}], sNStates = fromList [LvNodeState {nsInputs = fromList [], nsCont = Nothing},LvNodeState {nsInputs = fromList [Nothing,Nothing], nsCont = Just KState[LvState {sTs = 102, sSched = [{LvC 1}], sNStates = fromList [], sCtrlVals = fromList [LvI32 1,LvI32 3], sIndicVals = fromList [LvArr []]}]}], sCtrlVals = fromList [LvI32 1,LvI32 3], sIndicVals = fromList [LvArr []]}]}], sCtrlVals = fromList [], sIndicVals = fromList []}
LvState {sTs = 111, sSched = [{LvN 1}], sNStates = fromList [LvNodeState {nsInputs = fromList [], nsCont = Nothing},LvNodeState {nsInputs = fromList [Nothing,Nothing], nsCont = Just KState[LvState {sTs = 110, sSched = [{LvN 1}], sNStates = fromList [LvNodeState {nsInputs = fromList [], nsCont = Nothing},LvNodeState {nsInputs = fromList [Nothing,Nothing], nsCont = Just KState[LvState {sTs = 110, sSched = [{LvC 0},{LvC 1}], sNStates = fromList [], sCtrlVals = fromList [LvI32 2,LvI32 3], sIndicVals = fromList [LvArr []]}]}], sCtrlVals = fromList [LvI32 1,LvI32 3], sIndicVals = fromList [LvArr []]}]}], sCtrlVals = fromList [], sIndicVals = fromList []}
LvState {sTs = 118, sSched = [{LvN 1}], sNStates = fromList [LvNodeState {nsInputs = fromList [], nsCont = Nothing},LvNodeState {nsInputs = fromList [Nothing,Nothing], nsCont = Just KState[LvState {sTs = 117, sSched = [{LvN 1}], sNStates = fromList [LvNodeState {nsInputs = fromList [], nsCont = Nothing},LvNodeState {nsInputs = fromList [Nothing,Nothing], nsCont = Just KState[LvState {sTs = 116, sSched = [{LvC 1}], sNStates = fromList [], sCtrlVals = fromList [LvI32 2,LvI32 3], sIndicVals = fromList [LvArr []]}]}], sCtrlVals = fromList [LvI32 1,LvI32 3], sIndicVals = fromList [LvArr []]}]}], sCtrlVals = fromList [], sIndicVals = fromList []}
LvState {sTs = 125, sSched = [{LvN 1}], sNStates = fromList [LvNodeState {nsInputs = fromList [], nsCont = Nothing},LvNodeState {nsInputs = fromList [Nothing,Nothing], nsCont = Just KState[LvState {sTs = 125, sSched = [{LvC 0},{LvC 1},{LvN 0}], sNStates = fromList [LvNodeState {nsInputs = fromList [], nsCont = Nothing},LvNodeState {nsInputs = fromList [Nothing,Nothing], nsCont = Nothing}], sCtrlVals = fromList [LvI32 2,LvI32 3], sIndicVals = fromList [LvArr []]}]}], sCtrlVals = fromList [], sIndicVals = fromList []}
LvState {sTs = 129, sSched = [{LvN 1}], sNStates = fromList [LvNodeState {nsInputs = fromList [], nsCont = Nothing},LvNodeState {nsInputs = fromList [Nothing,Nothing], nsCont = Just KState[LvState {sTs = 128, sSched = [{LvC 1},{LvN 0}], sNStates = fromList [LvNodeState {nsInputs = fromList [], nsCont = Nothing},LvNodeState {nsInputs = fromList [Nothing,Nothing], nsCont = Nothing}], sCtrlVals = fromList [LvI32 2,LvI32 3], sIndicVals = fromList [LvArr []]}]}], sCtrlVals = fromList [], sIndicVals = fromList []}
LvState {sTs = 133, sSched = [{LvN 1}], sNStates = fromList [LvNodeState {nsInputs = fromList [], nsCont = Nothing},LvNodeState {nsInputs = fromList [Nothing,Nothing], nsCont = Just KState[LvState {sTs = 132, sSched = [{LvN 0}], sNStates = fromList [LvNodeState {nsInputs = fromList [], nsCont = Nothing},LvNodeState {nsInputs = fromList [Nothing,Nothing], nsCont = Nothing}], sCtrlVals = fromList [LvI32 2,LvI32 3], sIndicVals = fromList [LvArr []]}]}], sCtrlVals = fromList [], sIndicVals = fromList []}
LvState {sTs = 139, sSched = [{LvN 1}], sNStates = fromList [LvNodeState {nsInputs = fromList [], nsCont = Nothing},LvNodeState {nsInputs = fromList [Nothing,Nothing], nsCont = Just KState[LvState {sTs = 138, sSched = [{LvN 1}], sNStates = fromList [LvNodeState {nsInputs = fromList [], nsCont = Nothing},LvNodeState {nsInputs = fromList [Nothing,Just (LvI32 3)], nsCont = Nothing}], sCtrlVals = fromList [LvI32 2,LvI32 3], sIndicVals = fromList [LvArr []]}]}], sCtrlVals = fromList [], sIndicVals = fromList []}
LvState {sTs = 149, sSched = [{LvN 1}], sNStates = fromList [LvNodeState {nsInputs = fromList [], nsCont = Nothing},LvNodeState {nsInputs = fromList [Nothing,Nothing], nsCont = Just KState[LvState {sTs = 148, sSched = [{LvN 1}], sNStates = fromList [LvNodeState {nsInputs = fromList [], nsCont = Nothing},LvNodeState {nsInputs = fromList [Nothing,Nothing], nsCont = Just KState[LvState {sTs = 147, sSched = [{LvC 1}], sNStates = fromList [], sCtrlVals = fromList [LvI32 0,LvI32 3], sIndicVals = fromList [LvArr []]}]}], sCtrlVals = fromList [LvI32 2,LvI32 3], sIndicVals = fromList [LvArr []]}]}], sCtrlVals = fromList [], sIndicVals = fromList []}
LvState {sTs = 156, sSched = [{LvN 1}], sNStates = fromList [LvNodeState {nsInputs = fromList [], nsCont = Nothing},LvNodeState {nsInputs = fromList [Nothing,Nothing], nsCont = Just KState[LvState {sTs = 155, sSched = [{LvN 1}], sNStates = fromList [LvNodeState {nsInputs = fromList [], nsCont = Nothing},LvNodeState {nsInputs = fromList [Nothing,Nothing], nsCont = Just KState[LvState {sTs = 155, sSched = [{LvC 0},{LvC 1}], sNStates = fromList [], sCtrlVals = fromList [LvI32 1,LvI32 3], sIndicVals = fromList [LvArr []]}]}], sCtrlVals = fromList [LvI32 2,LvI32 3], sIndicVals = fromList [LvArr []]}]}], sCtrlVals = fromList [], sIndicVals = fromList []}
LvState {sTs = 163, sSched = [{LvN 1}], sNStates = fromList [LvNodeState {nsInputs = fromList [], nsCont = Nothing},LvNodeState {nsInputs = fromList [Nothing,Nothing], nsCont = Just KState[LvState {sTs = 162, sSched = [{LvN 1}], sNStates = fromList [LvNodeState {nsInputs = fromList [], nsCont = Nothing},LvNodeState {nsInputs = fromList [Nothing,Nothing], nsCont = Just KState[LvState {sTs = 161, sSched = [{LvC 1}], sNStates = fromList [], sCtrlVals = fromList [LvI32 1,LvI32 3], sIndicVals = fromList [LvArr []]}]}], sCtrlVals = fromList [LvI32 2,LvI32 3], sIndicVals = fromList [LvArr []]}]}], sCtrlVals = fromList [], sIndicVals = fromList []}
LvState {sTs = 170, sSched = [{LvN 1}], sNStates = fromList [LvNodeState {nsInputs = fromList [], nsCont = Nothing},LvNodeState {nsInputs = fromList [Nothing,Nothing], nsCont = Just KState[LvState {sTs = 169, sSched = [{LvN 1}], sNStates = fromList [LvNodeState {nsInputs = fromList [], nsCont = Nothing},LvNodeState {nsInputs = fromList [Nothing,Nothing], nsCont = Just KState[LvState {sTs = 169, sSched = [{LvC 0},{LvC 1}], sNStates = fromList [], sCtrlVals = fromList [LvI32 2,LvI32 3], sIndicVals = fromList [LvArr []]}]}], sCtrlVals = fromList [LvI32 2,LvI32 3], sIndicVals = fromList [LvArr []]}]}], sCtrlVals = fromList [], sIndicVals = fromList []}
LvState {sTs = 177, sSched = [{LvN 1}], sNStates = fromList [LvNodeState {nsInputs = fromList [], nsCont = Nothing},LvNodeState {nsInputs = fromList [Nothing,Nothing], nsCont = Just KState[LvState {sTs = 176, sSched = [{LvN 1}], sNStates = fromList [LvNodeState {nsInputs = fromList [], nsCont = Nothing},LvNodeState {nsInputs = fromList [Nothing,Nothing], nsCont = Just KState[LvState {sTs = 175, sSched = [{LvC 1}], sNStates = fromList [], sCtrlVals = fromList [LvI32 2,LvI32 3], sIndicVals = fromList [LvArr []]}]}], sCtrlVals = fromList [LvI32 2,LvI32 3], sIndicVals = fromList [LvArr []]}]}], sCtrlVals = fromList [], sIndicVals = fromList []}
LvState {sTs = 184, sSched = [], sNStates = fromList [LvNodeState {nsInputs = fromList [], nsCont = Nothing},LvNodeState {nsInputs = fromList [Nothing,Nothing], nsCont = Nothing}], sCtrlVals = fromList [], sIndicVals = fromList []}
